// Jest Snapshot v1, https://goo.gl/fbAQLP

exports[`Ed25519Secret sign 1`] = `
Uint8Array [
  127,
  100,
  118,
  137,
  179,
  103,
  204,
  69,
  217,
  59,
  156,
  253,
  18,
  29,
  109,
  41,
  226,
  154,
  110,
  199,
  132,
  77,
  52,
  118,
  161,
  126,
  170,
  172,
  225,
  37,
  142,
  22,
  38,
  9,
  123,
  107,
  58,
  118,
  169,
  79,
  130,
  22,
  177,
  134,
  110,
  172,
  244,
  28,
  217,
  28,
  230,
  245,
  71,
  195,
  182,
  77,
  63,
  100,
  51,
  155,
  211,
  16,
  53,
  1,
]
`;

exports[`Secp256k1Secret sign 1`] = `
Uint8Array [
  7,
  195,
  62,
  218,
  77,
  136,
  58,
  222,
  170,
  141,
  141,
  90,
  163,
  83,
  234,
  146,
  237,
  174,
  66,
  230,
  14,
  214,
  143,
  85,
  201,
  165,
  242,
  91,
  62,
  214,
  154,
  44,
  48,
  233,
  70,
  174,
  234,
  124,
  168,
  222,
  205,
  6,
  158,
  30,
  232,
  135,
  232,
  100,
  252,
  86,
  210,
  201,
  36,
  128,
  29,
  166,
  73,
  75,
  36,
  207,
  87,
  158,
  133,
  120,
]
`;
