// Jest Snapshot v1, https://goo.gl/fbAQLP

exports[`create 1`] = `"eyJhbGciOiJFUzI1NksiLCJraWQiOiJkaWQ6a2V5OnpRM3NoYXdBaXdSYTNZYk1pdEFjQ3lUOVBocVBneTRRNG8xdmE4d3pWeXo5TG5laDcjelEzc2hhd0Fpd1JhM1liTWl0QWNDeVQ5UGhxUGd5NFE0bzF2YTh3elZ5ejlMbmVoNyJ9.eyJoZWxsbyI6IndvcmxkIn0.win83rENOCzEcE_1wN9QmJ3_S9vFzomqKuE0xY9QT60qXd2aX1tFcdSTi39yWA8ls7M54I9Zp13Zup7uT33hgw"`;

exports[`decode ok 1`] = `
Object {
  "header": Object {
    "alg": "ES256K",
    "kid": "did:key:zQ3shawAiwRa3YbMitAcCyT9PhqPgy4Q4o1va8wzVyz9Lneh7#zQ3shawAiwRa3YbMitAcCyT9PhqPgy4Q4o1va8wzVyz9Lneh7",
  },
  "payload": Object {
    "hello": "world",
  },
  "signature": Uint8Array [
    194,
    41,
    252,
    222,
    177,
    13,
    56,
    44,
    196,
    112,
    79,
    245,
    192,
    223,
    80,
    152,
    157,
    255,
    75,
    219,
    197,
    206,
    137,
    170,
    42,
    225,
    52,
    197,
    143,
    80,
    79,
    173,
    42,
    93,
    221,
    154,
    95,
    91,
    69,
    113,
    212,
    147,
    139,
    127,
    114,
    88,
    15,
    37,
    179,
    179,
    57,
    224,
    143,
    89,
    167,
    93,
    217,
    186,
    158,
    238,
    79,
    125,
    225,
    131,
  ],
}
`;

exports[`detached asDetached 1`] = `"eyJhbGciOiJFUzI1NksiLCJraWQiOiJkaWQ6a2V5OnpRM3NoYXdBaXdSYTNZYk1pdEFjQ3lUOVBocVBneTRRNG8xdmE4d3pWeXo5TG5laDcjelEzc2hhd0Fpd1JhM1liTWl0QWNDeVQ5UGhxUGd5NFE0bzF2YTh3elZ5ejlMbmVoNyJ9..win83rENOCzEcE_1wN9QmJ3_S9vFzomqKuE0xY9QT60qXd2aX1tFcdSTi39yWA8ls7M54I9Zp13Zup7uT33hgw"`;

exports[`splitParts ok 1`] = `
Array [
  "eyJhbGciOiJFUzI1NksiLCJraWQiOiJkaWQ6a2V5OnpRM3NoYXdBaXdSYTNZYk1pdEFjQ3lUOVBocVBneTRRNG8xdmE4d3pWeXo5TG5laDcjelEzc2hhd0Fpd1JhM1liTWl0QWNDeVQ5UGhxUGd5NFE0bzF2YTh3elZ5ejlMbmVoNyJ9.eyJoZWxsbyI6IndvcmxkIn0.win83rENOCzEcE_1wN9QmJ3_S9vFzomqKuE0xY9QT60qXd2aX1tFcdSTi39yWA8ls7M54I9Zp13Zup7uT33hgw",
  "eyJhbGciOiJFUzI1NksiLCJraWQiOiJkaWQ6a2V5OnpRM3NoYXdBaXdSYTNZYk1pdEFjQ3lUOVBocVBneTRRNG8xdmE4d3pWeXo5TG5laDcjelEzc2hhd0Fpd1JhM1liTWl0QWNDeVQ5UGhxUGd5NFE0bzF2YTh3elZ5ejlMbmVoNyJ9",
  "eyJoZWxsbyI6IndvcmxkIn0",
  "win83rENOCzEcE_1wN9QmJ3_S9vFzomqKuE0xY9QT60qXd2aX1tFcdSTi39yWA8ls7M54I9Zp13Zup7uT33hgw",
]
`;
