// Jest Snapshot v1, https://goo.gl/fbAQLP

exports[`PrivateKey fields 1`] = `
PublicKey {
  "kind": "ed25519",
  "material": Uint8Array [
    138,
    136,
    227,
    221,
    116,
    9,
    241,
    149,
    253,
    82,
    219,
    45,
    60,
    186,
    93,
    114,
    202,
    103,
    9,
    191,
    29,
    148,
    18,
    27,
    243,
    116,
    136,
    1,
    180,
    15,
    111,
    92,
  ],
}
`;

exports[`PrivateKey sign 1`] = `
Uint8Array [
  10,
  108,
  155,
  191,
  233,
  123,
  91,
  129,
  175,
  164,
  123,
  83,
  102,
  58,
  97,
  135,
  73,
  147,
  224,
  252,
  144,
  121,
  90,
  36,
  101,
  208,
  17,
  207,
  66,
  207,
  109,
  53,
  13,
  170,
  90,
  239,
  197,
  252,
  251,
  247,
  142,
  123,
  29,
  72,
  171,
  105,
  250,
  116,
  104,
  255,
  138,
  89,
  201,
  203,
  89,
  181,
  53,
  254,
  123,
  18,
  200,
  27,
  73,
  6,
]
`;
