// Jest Snapshot v1, https://goo.gl/fbAQLP

exports[`PrivateKey fields 1`] = `
PublicKey {
  "alg": "ES256K",
  "material": Uint8Array [
    3,
    27,
    132,
    197,
    86,
    123,
    18,
    100,
    64,
    153,
    93,
    62,
    213,
    170,
    186,
    5,
    101,
    215,
    30,
    24,
    52,
    96,
    72,
    25,
    255,
    156,
    23,
    245,
    233,
    213,
    221,
    7,
    143,
  ],
}
`;

exports[`PrivateKey sign 1`] = `
Uint8Array [
  99,
  53,
  129,
  21,
  236,
  176,
  92,
  167,
  204,
  137,
  178,
  140,
  146,
  96,
  142,
  102,
  239,
  166,
  121,
  167,
  238,
  85,
  225,
  209,
  113,
  234,
  25,
  125,
  180,
  187,
  122,
  15,
  80,
  184,
  169,
  2,
  119,
  174,
  39,
  165,
  143,
  129,
  98,
  191,
  142,
  97,
  26,
  62,
  59,
  75,
  184,
  208,
  24,
  29,
  29,
  115,
  85,
  104,
  22,
  157,
  220,
  52,
  220,
  0,
]
`;
