// Jest Snapshot v1, https://goo.gl/fbAQLP

exports[`PrivateKey fields 1`] = `
PublicKey {
  "kind": "secp256k1",
  "material": Uint8Array [
    3,
    27,
    132,
    197,
    86,
    123,
    18,
    100,
    64,
    153,
    93,
    62,
    213,
    170,
    186,
    5,
    101,
    215,
    30,
    24,
    52,
    96,
    72,
    25,
    255,
    156,
    23,
    245,
    233,
    213,
    221,
    7,
    143,
  ],
}
`;

exports[`PrivateKey sign 1`] = `
Uint8Array [
  198,
  75,
  25,
  36,
  21,
  119,
  72,
  101,
  39,
  51,
  196,
  18,
  148,
  229,
  246,
  227,
  149,
  195,
  98,
  106,
  142,
  145,
  31,
  55,
  66,
  164,
  184,
  173,
  79,
  219,
  146,
  47,
  52,
  123,
  165,
  205,
  214,
  41,
  2,
  126,
  245,
  132,
  110,
  184,
  92,
  148,
  82,
  246,
  49,
  46,
  10,
  234,
  105,
  118,
  37,
  214,
  107,
  32,
  36,
  72,
  243,
  233,
  97,
  143,
]
`;
